=== generate_jerry_synthesis · MLB · 2026-08-21 ===
  slate: 15 MLB games
  source records loaded: 11 sources
  totals cohort stats loaded: 19 (sport=MLB)
  game bucket ROI loaded: 7 (sport=MLB)
  ⚠ hallucination detected (nums=[], names=["Ryan Gusto's"], style=[]) — regen with corrective prompt
  🔒 conviction capped 64→55 (LEAN) — unverified: ['2.3'] (footer hidden for LIGHT)
  🔧 Layer D scrubbed generic pitcher refs in long_read
  ✓ Washington Nationals @ Miami Marlins: Home ML (55)  [10 externals]
  ⚠ hallucination detected (nums=[], names=['Jake Cronenworth'], style=[]) — regen with corrective prompt
  ✓ retry succeeded — clean output
  🔧 Layer D scrubbed generic pitcher refs in long_read
  ✓ Minnesota Twins @ San Diego Padres: Under 8.0 (67)  [10 externals]
  ⚠ hallucination detected (nums=['1.55'], names=[], style=[]) — regen with corrective prompt
  ⚠ retry still has style issues: ['bullpen_unit_missing']
  🔒 conviction capped 62→55 (LEAN) — unverified: ['1.55'] (footer hidden for LIGHT)
  ✓ Atlanta Braves @ Milwaukee Brewers: Over 6.0 (55)  [9 externals]
  ⚠ hallucination detected (nums=[], names=[], style=['generic_pitcher_ref']) — regen with corrective prompt
  ✓ retry succeeded — clean output
  ✓ Pittsburgh Pirates @ Los Angeles Dodgers: Away RL 1.5 (80)  [10 externals]
  ⚠ hallucination detected (nums=[], names=[], style=['sim_pick_direction_mismatch']) — regen with corrective prompt
  ⚠ retry still has style issues: ['sim_pick_direction_mismatch']
  🔒 conviction capped 58→55 (LEAN) due to style violations: ['sim_pick_direction_mismatch']
  ✓ New York Mets @ Chicago White Sox: Home ML (55)  [9 externals]
  ⚠ hallucination detected (nums=[], names=[], style=['bullpen_unit_missing']) — regen with corrective prompt
  ✓ retry succeeded — clean output
  ✓ Athletics @ Houston Astros: Over 8.0 (68)  [8 externals]
  ⚠ hallucination detected (nums=['1.75'], names=[], style=[]) — regen with corrective prompt
  ⚠ retry still has style issues: ['sim_pick_direction_mismatch']
  🔧 substituted 1 suspect name(s) with generic form
  🔒 conviction capped 66→55 (LEAN) due to style violations: ['sim_pick_direction_mismatch']
  🔧 Layer D scrubbed generic pitcher refs in short_read
  🔧 Layer D scrubbed generic pitcher refs in long_read
  🚨 Layer E flagged 2 hallucination(s) about Tanner Gordon in short_read but strip failed — audit will block
  ✓ Cleveland Guardians @ Colorado Rockies: Under 10.5 (55)  [12 externals]
  ⚠ hallucination detected (nums=[], names=[], style=['sim_pick_direction_mismatch']) — regen with corrective prompt
  ⚠ retry still has style issues: ['generic_pitcher_ref', 'sim_market_gap_over_cap']
  🔒 conviction capped 62→55 (LEAN) due to style violations: ['generic_pitcher_ref', 'sim_market_gap_over_cap']
  🔧 Layer D scrubbed generic pitcher refs in short_read
  🔧 Layer D scrubbed generic pitcher refs in long_read
  ✓ Detroit Tigers @ Kansas City Royals: Under 8.5 (55)  [7 externals]
  ⚠ hallucination detected (nums=[], names=[], style=['generic_pitcher_ref']) — regen with corrective prompt
  ⚠ retry still has style issues: ['generic_pitcher_ref']
  🔒 conviction capped 59→55 (LEAN) due to style violations: ['generic_pitcher_ref']
  🔧 Layer D scrubbed generic pitcher refs in long_read
  🚨 Layer E stripped 1 hallucinated claim(s) about Eduardo Rodriguez from long_read
  ✓ Cincinnati Reds @ Arizona Diamondbacks: Away RL 1.5 (55)  [12 externals]
  ⚠ hallucination detected (nums=[], names=[], style=['generic_pitcher_ref', 'bullpen_unit_missing']) — regen with corrective prompt
  ✓ retry succeeded — clean output
  ✓ Chicago Cubs @ Seattle Mariners: Under 8.0 (58)  [12 externals]
  ⚠ hallucination detected (nums=[], names=[], style=['generic_pitcher_ref', 'sim_pick_direction_mismatch']) — regen with corrective prompt
  ✓ retry succeeded — clean output
  ✓ Los Angeles Angels @ Texas Rangers: Away RL 1.5 (65)  [9 externals]
  ⚠ hallucination detected (nums=[], names=[], style=['bullpen_unit_missing', 'sim_pick_direction_mismatch']) — regen with corrective prompt
  ⚠ retry still has style issues: ['generic_pitcher_ref', 'sim_pick_direction_mismatch']
  🔒 conviction capped 58→55 (LEAN) — unverified: ['0.37'] (footer hidden for LIGHT)
  🔧 Layer D scrubbed generic pitcher refs in long_read
  🚨 Layer E flagged 1 hallucination(s) about Cam Schlittler in short_read but strip failed — audit will block
  🚨 Layer E flagged 2 hallucination(s) about Mason Fluharty in short_read but strip failed — audit will block
  🚨 Layer E flagged 1 hallucination(s) about Mason Fluharty in long_read but strip failed — audit will block
  ✓ Toronto Blue Jays @ New York Yankees: Under 7.0 (55)  [9 externals]
  🚨 Layer E flagged 2 hallucination(s) about Trevor Rogers in short_read but strip failed — audit will block
  🚨 Layer E flagged 2 hallucination(s) about Freddy Peralta in short_read but strip failed — audit will block
  🔒 conviction capped 68→55 (LEAN) after 4 stat hallucination(s)
  ✓ Tampa Bay Rays @ Baltimore Orioles: Over 7.5 (55)  [11 externals]
  ⚠ hallucination detected (nums=[], names=["Red Sox's"], style=[]) — regen with corrective prompt
  🔒 conviction capped 67→55 (LEAN) — unverified: ['1.14'] (footer hidden for LIGHT)
  ✓ San Francisco Giants @ Boston Red Sox: Under 7.5 (55)  [9 externals]
  ✓ St. Louis Cardinals @ Philadelphia Phillies: Home ML (76)  [10 externals]
=== wrote 15 jerry_reads for MLB ===

🔄 auto-syncing sweat card after Jerry regen...
Building Sweat Card for 2026-08-21...
  Slate density: standard | active=['MLB', 'UFC'] | games=15 | counts={'MLB': 15, 'NBA': 0}
  15 MLB games on slate
[prop_tier_calibration] refreshed from live data: +6 fade / -0 fade · +0 goldmine / -0 goldmine · 11 family rates updated
  tier calibration: faded 3 · juice-capped 16 · goldmine-promoted 0 (of 19 pre-cal)
  🚫 sweat-card juice gate: skipped Home ML at ML -261
  ✓ top_props dedup vs top_8: 2 → 7 (excluded -5 overlaps)
✅ Sweat Card stored: lock=—, yrfi=—, bucket=yes, total_edges=0, stacks=0, skips=1
