=== MLB Tier Optimization · 2026-07-30 → 2026-08-19 ===

Fetching contexts...
  179 game_context rows
Fetching results...
  280 resolved games
Fetching flags...
  flags across 53 games

Re-scoring & grading each market pick...
  534 graded market picks (across up to 3 markets/game)

--- Current tier distribution (RE-SCORED, all-markets pool) ---
  PRIME   n=25   (4.7%)  15-10-0  HR=60.0%  units=+2.70
  STRONG  n=168  (31.5%)  96-72-0  HR=57.1%  units=+18.30
  LEAN    n=341  (63.9%)  182-153-6  HR=54.3%  units=+12.57
  PASS    n=0    (0.0%)  0-0-0  HR=0%  units=+0.00

=== COHORT DISCOVERY (n>=15) ===


--- Tier x Market ---
  ('STRONG', 'total')                      n=36   24-12-0  HR=66.7%  ROI=+27.3%
  ('STRONG', 'rl')                         n=68   41-27-0  HR=60.3%  ROI=+15.2%
  ('PRIME', 'ml')                          n=19   11-8-0  HR=57.9%  ROI=+5.6%
  ('LEAN', 'rl')                           n=106  61-45-0  HR=57.5%  ROI=+9.9%
  ('LEAN', 'total')                        n=140  76-58-6  HR=56.7%  ROI=+8.3%
  ('STRONG', 'ml')                         n=64   31-33-0  HR=48.4%  ROI=-2.9%
  ('LEAN', 'ml')                           n=95   45-50-0  HR=47.4%  ROI=-9.6%

--- Tier x Score Band ---
  ('LEAN', 's0.7-1.0')                     n=16   11-5-0  HR=68.8%  ROI=+34.4%
  ('PRIME', 's1.5-2.0')                    n=18   12-6-0  HR=66.7%  ROI=+22.5%
  ('STRONG', 's1.0-1.3')                   n=46   28-18-0  HR=60.9%  ROI=+21.6%
  ('STRONG', 's1.3-1.5')                   n=20   12-8-0  HR=60.0%  ROI=+8.1%
  ('LEAN', 's<0.3')                        n=159  91-64-4  HR=58.7%  ROI=+12.1%
  ('STRONG', 's0.7-1.0')                   n=101  55-46-0  HR=54.5%  ROI=+5.8%
  ('LEAN', 's0.3-0.7')                     n=165  79-84-2  HR=48.5%  ROI=-7.8%

--- Tier x Margin Band ---
  ('STRONG', 'm1.0+')                      n=46   32-14-0  HR=69.6%  ROI=+34.0%
  ('STRONG', 'm0.5-0.7')                   n=27   18-9-0  HR=66.7%  ROI=+37.6%
  ('LEAN', 'm0.5-0.7')                     n=25   16-9-0  HR=64.0%  ROI=+27.0%
  ('LEAN', 'm0.1-0.3')                     n=125  75-48-2  HR=61.0%  ROI=+16.4%
  ('PRIME', 'm1.0+')                       n=25   15-10-0  HR=60.0%  ROI=+10.8%
  ('LEAN', 'm<0.1')                        n=96   46-47-3  HR=49.5%  ROI=-6.3%
  ('STRONG', 'm0.7-1.0')                   n=86   41-45-0  HR=47.7%  ROI=-8.6%
  ('LEAN', 'm0.3-0.5')                     n=85   38-46-1  HR=45.2%  ROI=-14.4%

--- Tier x Classes Fired ---
  ('STRONG', 'cls=4')                      n=22   13-9-0  HR=59.1%  ROI=+9.0%
  ('LEAN', 'cls=0')                        n=24   14-10-0  HR=58.3%  ROI=+11.4%
  ('STRONG', 'cls=2')                      n=88   50-38-0  HR=56.8%  ROI=+13.7%
  ('STRONG', 'cls=3')                      n=55   31-24-0  HR=56.4%  ROI=+6.3%
  ('LEAN', 'cls=2')                        n=131  69-58-4  HR=54.3%  ROI=+3.5%
  ('LEAN', 'cls=1')                        n=130  70-59-1  HR=54.3%  ROI=+4.1%
  ('LEAN', 'cls=3')                        n=52   27-24-1  HR=52.9%  ROI=+0.4%

--- Tier x Sharp Confirmed (agree) ---
  ('STRONG', 'no_sharp')                   n=167  95-72-0  HR=56.9%  ROI=+10.6%
  ('PRIME', 'no_sharp')                    n=23   13-10-0  HR=56.5%  ROI=+7.2%
  ('LEAN', 'no_sharp')                     n=335  178-151-6  HR=54.1%  ROI=+3.3%

--- Tier x Top-Contributing Class ---
  ('STRONG', 'pitcher')                    n=20   18-2-0  HR=90.0%  ROI=+71.9%
  ('LEAN', 'cohort')                       n=31   22-9-0  HR=71.0%  ROI=+39.4%
  ('LEAN', 'situational')                  n=36   24-12-0  HR=66.7%  ROI=+27.3%
  ('LEAN', 'model')                        n=18   11-6-1  HR=64.7%  ROI=+18.5%
  ('LEAN', 'none')                         n=24   14-10-0  HR=58.3%  ROI=+11.4%
  ('STRONG', 'cohort')                     n=42   23-19-0  HR=54.8%  ROI=+13.3%
  ('STRONG', 'team_form')                  n=66   36-30-0  HR=54.5%  ROI=+4.3%
  ('LEAN', 'scenario')                     n=77   41-35-1  HR=53.9%  ROI=+0.8%
  ('LEAN', 'pitcher')                      n=40   20-19-1  HR=51.3%  ROI=-2.1%
  ('LEAN', 'external_pick')                n=36   16-20-0  HR=44.4%  ROI=-13.1%
  ('LEAN', 'team_form')                    n=35   15-20-0  HR=42.9%  ROI=-18.3%
  ('STRONG', 'scenario')                   n=26   11-15-0  HR=42.3%  ROI=-22.5%
  ('LEAN', 'h2h')                          n=41   16-22-3  HR=42.1%  ROI=-17.9%

--- Score Band (all tiers) ---
  s1.5-2.0                                 n=19   13-6-0  HR=68.4%  ROI=+26.1%
  s1.0-1.3                                 n=47   29-18-0  HR=61.7%  ROI=+23.1%
  s<0.3                                    n=159  91-64-4  HR=58.7%  ROI=+12.1%
  s1.3-1.5                                 n=21   12-9-0  HR=57.1%  ROI=+3.0%
  s0.7-1.0                                 n=117  66-51-0  HR=56.4%  ROI=+9.7%
  s0.3-0.7                                 n=165  79-84-2  HR=48.5%  ROI=-7.8%

--- Margin Band (all tiers) ---
  m1.0+                                    n=71   47-24-0  HR=66.2%  ROI=+25.9%
  m0.5-0.7                                 n=52   34-18-0  HR=65.4%  ROI=+32.5%
  m0.1-0.3                                 n=125  75-48-2  HR=61.0%  ROI=+16.4%
  m0.7-1.0                                 n=96   48-48-0  HR=50.0%  ROI=-3.9%
  m<0.1                                    n=96   46-47-3  HR=49.5%  ROI=-6.3%
  m0.3-0.5                                 n=94   43-50-1  HR=46.2%  ROI=-13.1%

--- Classes Fired (all tiers) ---
  cls=0                                    n=24   14-10-0  HR=58.3%  ROI=+11.4%
  cls=4                                    n=33   19-14-0  HR=57.6%  ROI=+6.3%
  cls=2                                    n=219  119-96-4  HR=55.3%  ROI=+7.7%
  cls=3                                    n=121  66-54-1  HR=55.0%  ROI=+4.3%
  cls=1                                    n=130  70-59-1  HR=54.3%  ROI=+4.1%

--- Sharp Confirmed (all tiers) ---
  no_sharp                                 n=525  286-233-6  HR=55.1%  ROI=+5.9%

--- By Market (all tiers) ---
  total                                    n=178  102-70-6  HR=59.3%  ROI=+13.3%
  rl                                       n=178  104-74-0  HR=58.4%  ROI=+11.6%
  ml                                       n=178  87-91-0  HR=48.9%  ROI=-5.6%

--- By Original Engine (informational) ---
  legacy                                   n=417  233-178-6  HR=56.7%  ROI=+9.5%
  ensemble_v2                              n=93   48-45-0  HR=51.6%  ROI=-3.7%
  legacy_compute_primary_play              n=24   12-12-0  HR=50.0%  ROI=-8.2%

--- Score Band x Classes ---
  ('s1.0-1.3', 'cls=2')                    n=19   13-6-0  HR=68.4%  ROI=+40.9%
  ('s<0.3', 'cls=1')                       n=80   47-32-1  HR=59.5%  ROI=+14.1%
  ('s<0.3', 'cls=0')                       n=24   14-10-0  HR=58.3%  ROI=+11.4%
  ('s0.7-1.0', 'cls=3')                    n=26   15-11-0  HR=57.7%  ROI=+6.7%
  ('s<0.3', 'cls=2')                       n=50   27-20-3  HR=57.4%  ROI=+8.1%
  ('s0.7-1.0', 'cls=2')                    n=68   37-31-0  HR=54.4%  ROI=+8.1%
  ('s1.0-1.3', 'cls=3')                    n=21   11-10-0  HR=52.4%  ROI=+3.9%
  ('s0.3-0.7', 'cls=2')                    n=80   41-38-1  HR=51.9%  ROI=-0.6%
  ('s0.3-0.7', 'cls=3')                    n=43   21-21-1  HR=50.0%  ROI=-6.3%
  ('s0.3-0.7', 'cls=1')                    n=39   15-24-0  HR=38.5%  ROI=-26.6%

--- TOP-PICK ONLY by Tier ---
  STRONG                                   n=109  64-45-0  HR=58.7%  ROI=+15.4%
  PRIME                                    n=24   14-10-0  HR=58.3%  ROI=+9.6%
  LEAN                                     n=45   22-23-0  HR=48.9%  ROI=-0.3%


=== TIER GATE SIMULATION ===

BASELINE (current production gates):
  PRIME   n=24    15-9-0  HR=62.5%  ROI=+15.4%  units=+3.70
  STRONG  n=170   96-74-0  HR=56.5%  ROI=+9.6%  units=+16.30
  LEAN    n=165   85-79-1  HR=51.8%  ROI=-1.0%  units=-1.70
  PASS    n=175   97-73-5  HR=57.1%  ROI=+9.0%  units=+15.27
  quality_score=111.05  total_units=+18.30

PROPOSAL A_breadth+sharp:
  PRIME   n=24    15-9-0  HR=62.5%  ROI=+15.4%  units=+3.70
  STRONG  n=174   98-76-0  HR=56.3%  ROI=+9.3%  units=+16.12
  LEAN    n=161   83-77-1  HR=51.9%  ROI=-0.9%  units=-1.52
  PASS    n=175   97-73-5  HR=57.1%  ROI=+9.0%  units=+15.27
  quality_score=112.96  total_units=+18.30

PROPOSAL B_tighter_lean:
  PRIME   n=24    15-9-0  HR=62.5%  ROI=+15.4%  units=+3.70
  STRONG  n=170   96-74-0  HR=56.5%  ROI=+9.6%  units=+16.30
  LEAN    n=48    22-26-0  HR=45.8%  ROI=-10.3%  units=-4.95
  PASS    n=292   160-126-6  HR=55.9%  ROI=+6.5%  units=+18.53
  quality_score=111.05  total_units=+15.05

PROPOSAL C_strong_breadth:
  PRIME   n=24    15-9-0  HR=62.5%  ROI=+15.4%  units=+3.70
  STRONG  n=186   103-83-0  HR=55.4%  ROI=+7.1%  units=+13.23
  LEAN    n=32    15-17-0  HR=46.9%  ROI=-5.9%  units=-1.89
  PASS    n=292   160-126-6  HR=55.9%  ROI=+6.5%  units=+18.53
  quality_score=118.04  total_units=+15.04

PROPOSAL D_aggressive_prime:
  PRIME   n=50    31-19-0  HR=62.0%  ROI=+14.8%  units=+7.42
  STRONG  n=145   80-65-0  HR=55.2%  ROI=+8.0%  units=+11.58
  LEAN    n=47    22-25-0  HR=46.8%  ROI=-8.4%  units=-3.95
  PASS    n=292   160-126-6  HR=55.9%  ROI=+6.5%  units=+18.53
  quality_score=111.04  total_units=+15.05

PROPOSAL E_tighter_lean+sharp:
  PRIME   n=24    15-9-0  HR=62.5%  ROI=+15.4%  units=+3.70
  STRONG  n=171   96-75-0  HR=56.1%  ROI=+8.9%  units=+15.30
  LEAN    n=47    22-25-0  HR=46.8%  ROI=-8.4%  units=-3.95
  PASS    n=292   160-126-6  HR=55.9%  ROI=+6.5%  units=+18.53
  quality_score=110.93  total_units=+15.05


>>> Best proposal by quality_score: C_strong_breadth <<<
  quality_score=118.04  units=+15.04

Outputs written:
  C:\Users\gomez\SweatShop\mlb_pipeline/_mlb_tier_opt_picks_2026-08-20.json  (per-pick features)
  C:\Users\gomez\SweatShop\mlb_pipeline/_mlb_tier_opt_cohorts_2026-08-20.json  (cohort tables)
  C:\Users\gomez\SweatShop\mlb_pipeline/_proposed_tier_thresholds_2026-08-20.json  (gate proposals + sim)
