Loaded 534 cached picks

==========================================================================================

baseline:
  distribution: PRIME=4.5%  STRONG=31.8%  LEAN=30.9%  PASS=32.8%
  PRIME   n=24    15-9-0  HR=62.5%  ROI=+15.4%  units=+3.70
  STRONG  n=170   96-74-0  HR=56.5%  ROI=+9.6%  units=+16.30
  LEAN    n=165   85-79-1  HR=51.8%  ROI=-1.0%  units=-1.70
  PASS    n=175   97-73-5  HR=57.1%  ROI=+9.0%  units=+15.27
  quality_score=111.05   total_units=+18.30

F_market_aware:
  distribution: PRIME=4.5%  STRONG=28.5%  LEAN=1.5%  PASS=65.5%
  PRIME   n=24    15-9-0  HR=62.5%  ROI=+15.4%  units=+3.70
  STRONG  n=152   90-62-0  HR=59.2%  ROI=+12.6%  units=+19.12
  LEAN    n=8     3-5-0  HR=37.5%  ROI=-28.4%  units=-2.27
  PASS    n=350   185-159-6  HR=53.8%  ROI=+3.8%  units=+13.02
  quality_score=104.98   total_units=+20.55

G_F+trust_class:
  distribution: PRIME=4.5%  STRONG=33.0%  LEAN=0.6%  PASS=62.0%
  PRIME   n=24    15-9-0  HR=62.5%  ROI=+15.4%  units=+3.70
  STRONG  n=176   101-74-1  HR=57.7%  ROI=+9.8%  units=+17.13
  LEAN    n=3     1-2-0  HR=33.3%  ROI=-36.3%  units=-1.09
  PASS    n=331   176-150-5  HR=54.0%  ROI=+4.2%  units=+13.83
  quality_score=116.55   total_units=+19.74

H_G+kill_fade:
  distribution: PRIME=4.5%  STRONG=18.9%  LEAN=12.9%  PASS=63.7%
  PRIME   n=24    15-9-0  HR=62.5%  ROI=+15.4%  units=+3.70
  STRONG  n=101   60-40-1  HR=60.0%  ROI=+13.9%  units=+13.93
  LEAN    n=69    36-33-0  HR=52.2%  ROI=-0.5%  units=-0.35
  PASS    n=340   182-153-5  HR=54.3%  ROI=+4.9%  units=+16.29
  quality_score=75.60   total_units=+17.28

I_tighter_only:
  distribution: PRIME=4.5%  STRONG=39.7%  LEAN=3.6%  PASS=52.2%
  PRIME   n=24    15-9-0  HR=62.5%  ROI=+15.4%  units=+3.70
  STRONG  n=212   121-91-0  HR=57.1%  ROI=+11.0%  units=+23.39
  LEAN    n=19    6-13-0  HR=31.6%  ROI=-40.0%  units=-7.60
  PASS    n=279   151-122-6  HR=55.3%  ROI=+5.2%  units=+14.09
  quality_score=136.05   total_units=+19.49

J_F+aggressive_prime:
  distribution: PRIME=6.4%  STRONG=26.6%  LEAN=1.5%  PASS=65.5%
  PRIME   n=34    22-12-0  HR=64.7%  ROI=+20.8%  units=+7.07
  STRONG  n=142   83-59-0  HR=58.5%  ROI=+11.1%  units=+15.75
  LEAN    n=8     3-5-0  HR=37.5%  ROI=-28.4%  units=-2.27
  PASS    n=350   185-159-6  HR=53.8%  ROI=+3.8%  units=+13.02
  quality_score=105.07   total_units=+20.55

K_publish_more:
  distribution: PRIME=8.8%  STRONG=25.1%  LEAN=9.7%  PASS=56.4%
  PRIME   n=47    29-18-0  HR=61.7%  ROI=+13.1%  units=+6.14
  STRONG  n=134   78-56-0  HR=58.2%  ROI=+11.6%  units=+15.50
  LEAN    n=52    30-21-1  HR=58.8%  ROI=+12.4%  units=+6.30
  PASS    n=301   156-140-5  HR=52.7%  ROI=+1.9%  units=+5.63
  quality_score=106.99   total_units=+27.94

L_aggressive_prime_max:
  distribution: PRIME=10.5%  STRONG=23.4%  LEAN=9.7%  PASS=56.4%
  PRIME   n=56    37-19-0  HR=66.1%  ROI=+22.2%  units=+12.42
  STRONG  n=125   70-55-0  HR=56.0%  ROI=+7.4%  units=+9.22
  LEAN    n=52    30-21-1  HR=58.8%  ROI=+12.4%  units=+6.30
  PASS    n=301   156-140-5  HR=52.7%  ROI=+1.9%  units=+5.63
  quality_score=107.02   total_units=+27.94

==========================================================================================

PER-MARKET BREAKDOWN for baseline vs best proposal(s):

--- baseline ---
  ML    PRIME   n=18   11-7-0  HR=61.1%  ROI=+11.4%  units=+2.06
  ML    STRONG  n=66   31-35-0  HR=47.0%  ROI=-5.8%  units=-3.85
  ML    LEAN    n=55   28-27-0  HR=50.9%  ROI=-2.8%  units=-1.57
  RL    PRIME   n=4    2-2-0  HR=50.0%  ROI=-4.5%  units=-0.18
  RL    STRONG  n=68   41-27-0  HR=60.3%  ROI=+15.2%  units=+10.31
  RL    LEAN    n=41   20-21-0  HR=48.8%  ROI=-6.8%  units=-2.80
  TOTAL PRIME   n=2    2-0-0  HR=100.0%  ROI=+91.0%  units=+1.82
  TOTAL STRONG  n=36   24-12-0  HR=66.7%  ROI=+27.3%  units=+9.84
  TOTAL LEAN    n=69   37-31-1  HR=54.4%  ROI=+3.9%  units=+2.67

--- F_market_aware ---
  ML    PRIME   n=18   11-7-0  HR=61.1%  ROI=+11.4%  units=+2.06
  ML    STRONG  n=28   12-16-0  HR=42.9%  ROI=-20.9%  units=-5.86
  RL    PRIME   n=4    2-2-0  HR=50.0%  ROI=-4.5%  units=-0.18
  RL    STRONG  n=81   50-31-0  HR=61.7%  ROI=+17.9%  units=+14.50
  TOTAL PRIME   n=2    2-0-0  HR=100.0%  ROI=+91.0%  units=+1.82
  TOTAL STRONG  n=43   28-15-0  HR=65.1%  ROI=+24.4%  units=+10.48
  TOTAL LEAN    n=8    3-5-0  HR=37.5%  ROI=-28.4%  units=-2.27

--- H_G+kill_fade ---
  ML    PRIME   n=18   11-7-0  HR=61.1%  ROI=+11.4%  units=+2.06
  ML    STRONG  n=22   11-11-0  HR=50.0%  ROI=-7.6%  units=-1.66
  ML    LEAN    n=6    1-5-0  HR=16.7%  ROI=-70.0%  units=-4.20
  RL    PRIME   n=4    2-2-0  HR=50.0%  ROI=-4.5%  units=-0.18
  RL    STRONG  n=15   13-2-0  HR=86.7%  ROI=+65.5%  units=+9.83
  RL    LEAN    n=60   34-26-0  HR=56.7%  ROI=+8.2%  units=+4.94
  TOTAL PRIME   n=2    2-0-0  HR=100.0%  ROI=+91.0%  units=+1.82
  TOTAL STRONG  n=64   36-27-1  HR=57.1%  ROI=+9.1%  units=+5.76
  TOTAL LEAN    n=3    1-2-0  HR=33.3%  ROI=-36.3%  units=-1.09

==========================================================================================

RANK BY quality_score (PRIME_n·PRIME_hit + STRONG_n·STRONG_hit):
  I_tighter_only            quality=136.05  units=+19.49  dist={'PRIME': 4.5, 'STRONG': 39.7, 'LEAN': 3.6, 'PASS': 52.2}
  G_F+trust_class           quality=116.55  units=+19.74  dist={'PRIME': 4.5, 'STRONG': 33.0, 'LEAN': 0.6, 'PASS': 62.0}
  baseline                  quality=111.05  units=+18.30  dist={'PRIME': 4.5, 'STRONG': 31.8, 'LEAN': 30.9, 'PASS': 32.8}
  L_aggressive_prime_max    quality=107.02  units=+27.94  dist={'PRIME': 10.5, 'STRONG': 23.4, 'LEAN': 9.7, 'PASS': 56.4}
  K_publish_more            quality=106.99  units=+27.94  dist={'PRIME': 8.8, 'STRONG': 25.1, 'LEAN': 9.7, 'PASS': 56.4}
  J_F+aggressive_prime      quality=105.07  units=+20.55  dist={'PRIME': 6.4, 'STRONG': 26.6, 'LEAN': 1.5, 'PASS': 65.5}
  F_market_aware            quality=104.98  units=+20.55  dist={'PRIME': 4.5, 'STRONG': 28.5, 'LEAN': 1.5, 'PASS': 65.5}
  H_G+kill_fade             quality=75.6    units=+17.28  dist={'PRIME': 4.5, 'STRONG': 18.9, 'LEAN': 12.9, 'PASS': 63.7}

RANK BY total_units:
  K_publish_more            units= +27.94  quality=106.99  dist={'PRIME': 8.8, 'STRONG': 25.1, 'LEAN': 9.7, 'PASS': 56.4}
  L_aggressive_prime_max    units= +27.94  quality=107.02  dist={'PRIME': 10.5, 'STRONG': 23.4, 'LEAN': 9.7, 'PASS': 56.4}
  F_market_aware            units= +20.55  quality=104.98  dist={'PRIME': 4.5, 'STRONG': 28.5, 'LEAN': 1.5, 'PASS': 65.5}
  J_F+aggressive_prime      units= +20.55  quality=105.07  dist={'PRIME': 6.4, 'STRONG': 26.6, 'LEAN': 1.5, 'PASS': 65.5}
  G_F+trust_class           units= +19.74  quality=116.55  dist={'PRIME': 4.5, 'STRONG': 33.0, 'LEAN': 0.6, 'PASS': 62.0}
  I_tighter_only            units= +19.49  quality=136.05  dist={'PRIME': 4.5, 'STRONG': 39.7, 'LEAN': 3.6, 'PASS': 52.2}
  baseline                  units= +18.30  quality=111.05  dist={'PRIME': 4.5, 'STRONG': 31.8, 'LEAN': 30.9, 'PASS': 32.8}
  H_G+kill_fade             units= +17.28  quality=75.60  dist={'PRIME': 4.5, 'STRONG': 18.9, 'LEAN': 12.9, 'PASS': 63.7}

Saved: C:\Users\gomez\SweatShop\mlb_pipeline/_proposed_tier_thresholds_2026-08-20.json
