=== nba_player_log_ingest · APPLY ===
  table columns available: 13
  ⚠ migration 20261004a NOT applied yet — dropping: ['dreb', 'fg3a', 'fg3m', 'fga', 'fgm', 'fta', 'ftm', 'is_home', 'opponent_abbrev', 'oreb', 'pf', 'season', 'started']
    (core stats still ingest; re-run after the migration to fill these)
  games with a final score: 2722 · already ingested: 1 · to fetch: 2721

  25/2721 games · 67 rows queued · written 513
  50/2721 games · 98 rows queued · written 1031
  75/2721 games · 153 rows queued · written 1550
  100/2721 games · 167 rows queued · written 2065
  125/2721 games · 192 rows queued · written 2572
  150/2721 games · 222 rows queued · written 3084
  175/2721 games · 245 rows queued · written 3603
  200/2721 games · 285 rows queued · written 4108
  225/2721 games · 321 rows queued · written 4618
  250/2721 games · 349 rows queued · written 5132
  275/2721 games · 360 rows queued · written 5652
  300/2721 games · 394 rows queued · written 6159
  325/2721 games · 416 rows queued · written 6666
  350/2721 games · 429 rows queued · written 7183
  375/2721 games · 467 rows queued · written 7697
  400/2721 games · 499 rows queued · written 8206
  425/2721 games · 18 rows queued · written 9235
  450/2721 games · 41 rows queued · written 9755
  475/2721 games · 64 rows queued · written 10270
  500/2721 games · 111 rows queued · written 10770
  525/2721 games · 123 rows queued · written 11271
  550/2721 games · 147 rows queued · written 11786
  575/2721 games · 148 rows queued · written 12303
  600/2721 games · 192 rows queued · written 12806
  625/2721 games · 233 rows queued · written 13316
  650/2721 games · 263 rows queued · written 13828
  675/2721 games · 281 rows queued · written 14332
  700/2721 games · 309 rows queued · written 14841
  725/2721 games · 349 rows queued · written 15347
  750/2721 games · 366 rows queued · written 15863
  775/2721 games · 397 rows queued · written 16364
  800/2721 games · 427 rows queued · written 16867
  825/2721 games · 443 rows queued · written 17377
  850/2721 games · 491 rows queued · written 17882
  875/2721 games · 23 rows queued · written 18897
  900/2721 games · 66 rows queued · written 19416
  925/2721 games · 85 rows queued · written 19917
  950/2721 games · 83 rows queued · written 20438
  975/2721 games · 108 rows queued · written 20944
  1000/2721 games · 157 rows queued · written 21447
  1025/2721 games · 188 rows queued · written 21949
  1050/2721 games · 205 rows queued · written 22457
  1075/2721 games · 247 rows queued · written 22957
  1100/2721 games · 288 rows queued · written 23463
  1125/2721 games · 298 rows queued · written 23981
  1150/2721 games · 323 rows queued · written 24489
  1175/2721 games · 376 rows queued · written 24998
  1200/2721 games · 392 rows queued · written 25515
  1225/2721 games · 460 rows queued · written 26031
  1250/2721 games · 521 rows queued · written 26532
  1275/2721 games · 47 rows queued · written 27558
  1300/2721 games · 94 rows queued · written 28080
  1325/2721 games · 155 rows queued · written 28580
  1350/2721 games · 286 rows queued · written 29093
  1375/2721 games · 496 rows queued · written 29611
  1400/2721 games · 192 rows queued · written 30652
  1425/2721 games · 212 rows queued · written 31176
  1450/2721 games · 242 rows queued · written 31690
  1475/2721 games · 254 rows queued · written 32192
  1500/2721 games · 257 rows queued · written 32706
  1525/2721 games · 272 rows queued · written 33215
  1550/2721 games · 305 rows queued · written 33721
  1575/2721 games · 334 rows queued · written 34227
  1600/2721 games · 348 rows queued · written 34731
  1625/2721 games · 380 rows queued · written 35243
  1650/2721 games · 410 rows queued · written 35757
  1675/2721 games · 425 rows queued · written 36273
  1700/2721 games · 443 rows queued · written 36779
  1725/2721 games · 450 rows queued · written 37285
  1750/2721 games · 469 rows queued · written 37800
  1775/2721 games · 490 rows queued · written 38308
  1800/2721 games · 478 rows queued · written 38815
  1825/2721 games · 24 rows queued · written 39821
  1850/2721 games · 39 rows queued · written 40329
  1875/2721 games · 44 rows queued · written 40850
  1900/2721 games · 90 rows queued · written 41359
  1925/2721 games · 78 rows queued · written 41862
  1950/2721 games · 110 rows queued · written 42377
  1975/2721 games · 131 rows queued · written 42882
  2000/2721 games · 139 rows queued · written 43395
  ⚠ insert fallback 409: {"code":"23505","details":"Key (player_name, game_id)=(Kawhi Leonard, 401705263) already exists.","hint":null,"message":"duplicate key value violates unique constraint \"nba_player_game_logs_player_na
  2025/2721 games · 174 rows queued · written 43395
  2050/2721 games · 204 rows queued · written 43898
  2075/2721 games · 249 rows queued · written 44406
  2100/2721 games · 263 rows queued · written 44926
  2125/2721 games · 288 rows queued · written 45444
  2150/2721 games · 321 rows queued · written 45946
  2175/2721 games · 340 rows queued · written 46464
  2200/2721 games · 356 rows queued · written 46984
  2225/2721 games · 386 rows queued · written 47488
  2250/2721 games · 424 rows queued · written 48000
  2275/2721 games · 434 rows queued · written 48507
  2300/2721 games · 455 rows queued · written 49019
  2325/2721 games · 472 rows queued · written 49536
  2350/2721 games · 489 rows queued · written 50056
  2375/2721 games · 505 rows queued · written 50563
  2400/2721 games · 515 rows queued · written 51068
  2425/2721 games · 39 rows queued · written 52087
  2450/2721 games · 60 rows queued · written 52587
  2475/2721 games · 107 rows queued · written 53090
  2500/2721 games · 131 rows queued · written 53599
  2525/2721 games · 177 rows queued · written 54099
  2550/2721 games · 189 rows queued · written 54616
  2575/2721 games · 218 rows queued · written 55122
  2600/2721 games · 261 rows queued · written 55625
  2625/2721 games · 279 rows queued · written 56139
  2650/2721 games · 328 rows queued · written 56649
  2675/2721 games · 351 rows queued · written 57166
  2700/2721 games · 402 rows queued · written 57670
  2721/2721 games · 395 rows queued · written 58174

wrote 58569 player-game rows from 2721 box scores
read-back: nba_player_game_logs now holds 58600 rows
