=== nba_player_log_ingest · APPLY ===
  table columns available: 26
  games with a final score: 2722 · already ingested: 0 · to fetch: 2722

  25/2722 games · 75 rows queued · written 518
  50/2722 games · 101 rows queued · written 1033
  75/2722 games · 182 rows queued · written 1533
  100/2722 games · 206 rows queued · written 2040
  125/2722 games · 233 rows queued · written 2543
  150/2722 games · 259 rows queued · written 3053
  175/2722 games · 293 rows queued · written 3568
  200/2722 games · 329 rows queued · written 4075
  225/2722 games · 371 rows queued · written 4578
  250/2722 games · 404 rows queued · written 5084
  275/2722 games · 430 rows queued · written 5595
  300/2722 games · 457 rows queued · written 6107
  325/2722 games · 461 rows queued · written 6630
  350/2722 games · 489 rows queued · written 7133
  375/2722 games · 24 rows queued · written 8151
  400/2722 games · 43 rows queued · written 8675
  425/2722 games · 69 rows queued · written 9197
  450/2722 games · 104 rows queued · written 9701
  475/2722 games · 133 rows queued · written 10213
  500/2722 games · 151 rows queued · written 10738
  525/2722 games · 146 rows queued · written 11258
  550/2722 games · 158 rows queued · written 11780
  575/2722 games · 163 rows queued · written 12295
  600/2722 games · 199 rows queued · written 12811
  625/2722 games · 229 rows queued · written 13327
  650/2722 games · 264 rows queued · written 13839
  675/2722 games · 277 rows queued · written 14343
  700/2722 games · 312 rows queued · written 14849
  725/2722 games · 343 rows queued · written 15358
  750/2722 games · 359 rows queued · written 15875
  775/2722 games · 397 rows queued · written 16375
  800/2722 games · 424 rows queued · written 16879
  825/2722 games · 441 rows queued · written 17389
  850/2722 games · 486 rows queued · written 17892
  875/2722 games · 23 rows queued · written 18905
  900/2722 games · 67 rows queued · written 19423
  925/2722 games · 84 rows queued · written 19928
  950/2722 games · 84 rows queued · written 20447
  975/2722 games · 109 rows queued · written 20955
  1000/2722 games · 154 rows queued · written 21459
  1025/2722 games · 190 rows queued · written 21959
  1050/2722 games · 204 rows queued · written 22469
  1075/2722 games · 225 rows queued · written 22988
  1100/2722 games · 266 rows queued · written 23494
  1125/2722 games · 277 rows queued · written 24012
  1150/2722 games · 300 rows queued · written 24520
  1175/2722 games · 351 rows queued · written 25029
  1200/2722 games · 374 rows queued · written 25546
  1225/2722 games · 436 rows queued · written 26062
  1250/2722 games · 495 rows queued · written 26563
  1275/2722 games · 26 rows queued · written 27589
  1300/2722 games · 72 rows queued · written 28111
  1325/2722 games · 135 rows queued · written 28611
  1350/2722 games · 261 rows queued · written 29124
  1375/2722 games · 470 rows queued · written 29642
  1400/2722 games · 171 rows queued · written 30683
  1425/2722 games · 194 rows queued · written 31207
  1450/2722 games · 216 rows queued · written 31721
  1475/2722 games · 230 rows queued · written 32223
  1500/2722 games · 239 rows queued · written 32737
  1525/2722 games · 253 rows queued · written 33246
  1550/2722 games · 287 rows queued · written 33752
  1575/2722 games · 316 rows queued · written 34258
  1600/2722 games · 328 rows queued · written 34762
  1625/2722 games · 359 rows queued · written 35274
  1650/2722 games · 391 rows queued · written 35788
  1675/2722 games · 401 rows queued · written 36304
  1700/2722 games · 421 rows queued · written 36810
  1725/2722 games · 427 rows queued · written 37316
  1750/2722 games · 447 rows queued · written 37831
  1775/2722 games · 471 rows queued · written 38339
  1800/2722 games · 460 rows queued · written 38846
  1825/2722 games · 504 rows queued · written 39348
  1850/2722 games · 18 rows queued · written 40360
  1875/2722 games · 24 rows queued · written 40881
  1900/2722 games · 70 rows queued · written 41390
  1925/2722 games · 55 rows queued · written 41893
  1950/2722 games · 85 rows queued · written 42408
  1975/2722 games · 111 rows queued · written 42913
  2000/2722 games · 120 rows queued · written 43426
  ⚠ write 500: {"code":"21000","details":null,"hint":"Ensure that no rows proposed for insertion within the same command have duplicate constrained values.","message":"ON CONFLICT DO UPDATE command cannot affect row a second time"}
  2025/2722 games · 155 rows queued · written 43426
  2050/2722 games · 179 rows queued · written 43929
  2075/2722 games · 224 rows queued · written 44437
  2100/2722 games · 240 rows queued · written 44957
  2125/2722 games · 270 rows queued · written 45475
  2150/2722 games · 301 rows queued · written 45977
  2175/2722 games · 315 rows queued · written 46495
  2200/2722 games · 337 rows queued · written 47015
  2225/2722 games · 361 rows queued · written 47519
  2250/2722 games · 400 rows queued · written 48031
  2275/2722 games · 414 rows queued · written 48538
  2300/2722 games · 431 rows queued · written 49050
  2325/2722 games · 453 rows queued · written 49567
  2350/2722 games · 468 rows queued · written 50087
  2375/2722 games · 484 rows queued · written 50594
  2400/2722 games · 492 rows queued · written 51099
  2425/2722 games · 19 rows queued · written 52118
  2450/2722 games · 37 rows queued · written 52618
  2475/2722 games · 87 rows queued · written 53121
  2500/2722 games · 112 rows queued · written 53630
  2525/2722 games · 153 rows queued · written 54130
  2550/2722 games · 169 rows queued · written 54647
  2575/2722 games · 198 rows queued · written 55153
  2600/2722 games · 236 rows queued · written 55656
  2625/2722 games · 262 rows queued · written 56170
  2650/2722 games · 307 rows queued · written 56680
  2675/2722 games · 331 rows queued · written 57197
  2700/2722 games · 383 rows queued · written 57701
  2722/2722 games · 395 rows queued · written 58205

wrote 58600 player-game rows from 2722 box scores
read-back: nba_player_game_logs now holds 58600 rows
